1. Գրել սկրիպտ, որը տրված թվի համար կարտածի հաղորդագրություն այն մասին,
արդյոք թիվը դրական է, բացասական, թե՝ 0։ Թիվը վավերացնել ռեգուլյար
արտահայտության միջոցով։ Պայմանների ստուգման համար օգտագործել [[ ]]
օպերատորը։

Hayko@DESKTOP-FRVPQ6D MINGW64 ~ (master)
$ #!/bin/bash

Hayko@DESKTOP-FRVPQ6D MINGW64 ~ (master)
$ check_number() {
> read -p "Enter a number: " num
> if [[ $num -gt 0 ]]; then
> echo "The number is positive."
> elif [[ $num -lt 0 ]]; then
> echo "The number is negative."
> else
> echo "The number is 0."
> fi
> }

Hayko@DESKTOP-FRVPQ6D MINGW64 ~ (master)
$ check_number 
Enter a number: 20
The number is positive.

Hayko@DESKTOP-FRVPQ6D MINGW64 ~ (master)
$ check_number
Enter a number: -89
The number is negative.э

Hayko@DESKTOP-FRVPQ6D MINGW64 ~ (master)
$ check_number
Enter a number: 0
The number is 0.

2. Կատարել 1-ին կետը՝ պայմանների ստուգման համար օգտագործելով (( ))
օպերատորը։

Hayko@DESKTOP-FRVPQ6D MINGW64 ~ (master)
$ check_number() {
> read -p "Enter a number: " num
> if ((num > 0)); then
> echo "The number is positive."
> elif ((num < 0)); then
> echo "The number is negative."
> else
> echo "The number is 0."
> fi
> }

Hayko@DESKTOP-FRVPQ6D MINGW64 ~ (master)
$ check_number
Enter a number: 76
The number is positive.

Hayko@DESKTOP-FRVPQ6D MINGW64 ~ (master)
$ check_number
Enter a number: -1
The number is negative.

Hayko@DESKTOP-FRVPQ6D MINGW64 ~ (master)
$ check_number
Enter a number: 0
The number is 0.

3. Գրել սկրիպտ, որը կստուգի, թե արդյոք տրված թիվը 2-ի, 3-ի և 5-ի բազմապատիկ է։

Hayko@DESKTOP-FRVPQ6D MINGW64 ~ (master)
$ check_multiple235() {
> read -p "Enter a number: " num
> if ((num % 2 == 0)) && ((num % 3 == 0)) && ((num % 5 == 0)); then
> echo "The number is a multiple of 2, 3 and 5."
> else
> echo "The number is not a multiple of 2, 3 and 5."
> fi
> }

Hayko@DESKTOP-FRVPQ6D MINGW64 ~ (master)
$ check_multiple235
Enter a number: 35
The number is not a multiple of 2, 3 and 5.

Hayko@DESKTOP-FRVPQ6D MINGW64 ~ (master)
$ checkMultiple235
Enter a number: 60
The number is a multiple of 2, 3 and 5.


4. Գրել սկրիպտ, որը կստուգի, թե արդյոք տրված թիվը 2-ի, 3-ի կամ 5-ի բազմապատիկ է։

Hayko@DESKTOP-FRVPQ6D MINGW64 ~ (master)
$ check_multiple235() {
> read -p "Enter a number: " num
> if ((number % 2 == 0 || number % 3 == 0 || number % 5 == 0)); then
> echo "The number is a multiple of 2, 3 or 5."
> else
> echo "The number is not a multiple of 2, 3 or 5."
> fi
> }

Hayko@DESKTOP-FRVPQ6D MINGW64 ~ (master)
$ check_multiple235()
Enter a number: 20
The number is a multiple of 2, 3 or 5.

Hayko@DESKTOP-FRVPQ6D MINGW64 ~ (master)
$ check_multiple235()
Enter a number: 32
The number is a multiple of 2, 3 or 5.


5. Մեկ հրամանի միջոցով ստեղծել նոր ֆայլ և այդ ֆայլին ավելացնել կատարելու
թույլտվություն։

Hayko@DESKTOP-FRVPQ6D MINGW64 ~ (master)
$ touch filee.txt && chmod +x filee.txt

//+x `ավելացնում է կատարելու թույլտվություն բոլոր user-ների համար:


6. Մեկ հրամանի միջոցով ստուգել, թե արդյոք գոյություն ունի dir անունով դիրեկտորիա,
և, եթե գոյություն չունի, ապա ստեղծել։

Hayko@DESKTOP-FRVPQ6D MINGW64 ~ (master)
$ [ -d "dir" ] || mkdir "dir"

//[ -d "dir" ] պայմանը ստուգում է, թե արդյոք ունենք «dir» անունով դիրեկտորիա:


7. Գրել սկրիպտ, որը կստուգի, թե արդյոք տրված թիվը գտնվում է սահմանված
միջակայքում։ Ստուգվող թիվը և միջակայքի սահմանների թվերը ներմուծել read
հրամանի միջոցով։ Իրականացնել տվյալների վավերացում:

Hayko@DESKTOP-FRVPQ6D MINGW64 ~ (master)
$ #!/bin/bash

Hayko@DESKTOP-FRVPQ6D MINGW64 ~ (master)
$ invalid_input () {
> if [[ $input =~ ^-?[[:digit:]]+$ ]]; then
> echo "$input is an integer."
> else
> echo "$input is not an integer."
> fi
> }

//^ ՝տողի սկիզբ
//-? ՝հնարավոր մինուս նշանի համար
//$ ՝տողի վերջ

> read -p "Enter a number: " num; 
> read -p "Enter the lower limit of the range: " lower
> read -p "Enter the upper limit of the range: " upper

 invalid_input $num
 invalid_input $lower
 invalid_input $upper

> if ((num >= lower)) && ((num <=upper)); then
> echo "The number is in the specified range."
> else
> echo "The number is outside the specified range."
> fi

Hayko@DESKTOP-FRVPQ6D MINGW64 ~ (master)
$ check_f
Enter a number: 50
Enter the lower limit of the range: 5
Enter the upper limit of the range: 55
Professional@User-PC MINGW64 ~
$ check_f1
The number is in the specified range.

Hayko@DESKTOP-FRVPQ6D MINGW64 ~ (master)
$ check_f
Enter a number: 34
Enter the lower limit of the range: 48
Enter the upper limit of the range: 88
Professional@User-PC MINGW64 ~
$ check_f1
The number is outside the specified range.

8. Գրել սկրիպտ, որը որպես ներմուծվող արժեք կստանա մեկ բառ, և կստուգի արդյոք այն
համընկնում է "Secret" բառի հետ։ read հրամանը կատարել այնպես, որ ներմուծված
արժեք պահպանվի REPLY փոփոխականի մեջ, իսկ ներմուծումն իրականացնելիս
տառերը չցուցադրվեն էկրանին։

Hayko@DESKTOP-FRVPQ6D MINGW64 ~ (master)
$ check_word(){
> read -s -p "Enter a word: " secret
> if [[ $secret == "Secret" ]]; then
> echo -e "\nYou entered the secret word."
> else
> echo -e "\nIncorrect word."
> fi
> }

Hayko@DESKTOP-FRVPQ6D MINGW64 ~ (master)
$ check_word
Enter a word:
Incorrect word.

Hayko@DESKTOP-FRVPQ6D MINGW64 ~ (master)
$ check_word
Enter a word:
You entered the secret word.


9. Գրել սկրիպտ, որը որպես ներմուծվող արժեք կստանա ֆայլի անուն։ Վավերացնել
անունը հետևյալ կանոններով․ կարող է պարունակել տառեր, թվեր, - . _ սիմվոլները։
Եթե նման ֆայլ գոյություն չունի, ապա ստեղծել։ Ցուցադրել համապատասխան
հաղորդագրություն ֆայլի ստեղծման կամ առկայության մասին։

Hayko@DESKTOP-FRVPQ6D MINGW64 ~ (master)
$ about_file() {
> read -r -p "Enter a filename: " filename
> if [[ "$filename" =~ ^[A-Za-z0-9._-]+$ ]];
> then
> touch "$filename"
> echo "File $filename has been created."
> else
> echo "Invalid filename."
> fi
> }
//-r ՝անջատում է հետադարձ հղումը 

10. Գրել <<Հաշվիչ>> ծրագիր, որը կստանա ճիշտ 3 արժեք հետևյալ հաջորդականությամբ․
թիվ, գործողություն, թիվ։ Օր՝ 2 + 3։ Ստուգել ներմուծված արժեքների քանակը, և 3-ից
տարբեր լինելու դեպքում արտածել հաղորդագրություն սխալի մասին։ Իրականացնել
արժեքների վավերացում։ Գործողության համար սահմանել հետևյալ ընդունելի
արժեքները․ + - * / **։ Արտածել գործողության արդյունքը։

Hayko@DESKTOP-FRVPQ6D MINGW64 ~ (master)
invalid_input() { 
> if [[ $1 =~ ^-?[[:digit:]]+$ ]]; then
> echo "$1 is an integer."
> else 
> echo "$1 is not an integer."
> exit 1
> fi
> if [[ $2 =~ ^[-+\*/**]$ ]]; then
> echo "$2 is a right operator."
> else
> echo "$2 is not a right operator."
> exit 1
> fi
> if [[ $3 =~ ^-?[[:digit::]]+$ ]]; then
> echo "$3 is an integer."
> else
> echo "$3 is not an integer."
> exit 1
> fi
>if [[ $4 ]]
> then echo "Too many variables."
> exit 1
> fi
> }

answer() { 
> result=$(($1 $2 $3))
> echo "Result: $result"
> }

    read -p "Enter: " 
    // ներմուծվող տվյալները կպահպանվեն REPLY փոփոխականի մեջ

    echo $REPLY
    invalid_input $REPLY

    answer $REPLY

Hayko@DESKTOP-FRVPQ6D MINGW64 ~ (master)
    $ Enter: 10 + 16
        10 + 16
        10 is an integer.
        + is a right operator.
        16 is an integer.
        Result: 26
